// Jest Snapshot v1, https://goo.gl/fbAQLP

exports[`Intro component matches snapshot. 1`] = `
<div
  data-testid="intro"
>
  <p
    class="display-4 text-center mb-5"
  >
    I am a software developer, I build interactive web apps using modern tools.
  </p>
  <div
    class="d-flex justify-content-around flex-wrap"
    data-testid="tools"
  >
    <div>
      <svg
        color="#cc0"
        fill="currentColor"
        height="1em"
        role="img"
        stroke="currentColor"
        stroke-width="0"
        style="color: rgb(204, 204, 0);"
        viewBox="0 0 24 24"
        width="1em"
        xmlns="http://www.w3.org/2000/svg"
      >
        <title />
        <path
          d="M0 0h24v24H0V0zm22.034 18.276c-.175-1.095-.888-2.015-3.003-2.873-.736-.345-1.554-.585-1.797-1.14-.091-.33-.105-.51-.046-.705.15-.646.915-.84 1.515-.66.39.12.75.42.976.9 1.034-.676 1.034-.676 1.755-1.125-.27-.42-.404-.601-.586-.78-.63-.705-1.469-1.065-2.834-1.034l-.705.089c-.676.165-1.32.525-1.71 1.005-1.14 1.291-.811 3.541.569 4.471 1.365 1.02 3.361 1.244 3.616 2.205.24 1.17-.87 1.545-1.966 1.41-.811-.18-1.26-.586-1.755-1.336l-1.83 1.051c.21.48.45.689.81 1.109 1.74 1.756 6.09 1.666 6.871-1.004.029-.09.24-.705.074-1.65l.046.067zm-8.983-7.245h-2.248c0 1.938-.009 3.864-.009 5.805 0 1.232.063 2.363-.138 2.711-.33.689-1.18.601-1.566.48-.396-.196-.597-.466-.83-.855-.063-.105-.11-.196-.127-.196l-1.825 1.125c.305.63.75 1.172 1.324 1.517.855.51 2.004.675 3.207.405.783-.226 1.458-.691 1.811-1.411.51-.93.402-2.07.397-3.346.012-2.054 0-4.109 0-6.179l.004-.056z"
        />
      </svg>
       
      JavaScript
    </div>
    <div>
      <svg
        color="blue"
        fill="currentColor"
        height="1em"
        role="img"
        stroke="currentColor"
        stroke-width="0"
        style="color: blue;"
        viewBox="0 0 24 24"
        width="1em"
        xmlns="http://www.w3.org/2000/svg"
      >
        <title />
        <path
          d="M1.125 0C.502 0 0 .502 0 1.125v21.75C0 23.498.502 24 1.125 24h21.75c.623 0 1.125-.502 1.125-1.125V1.125C24 .502 23.498 0 22.875 0zm17.363 9.75c.612 0 1.154.037 1.627.111a6.38 6.38 0 0 1 1.306.34v2.458a3.95 3.95 0 0 0-.643-.361 5.093 5.093 0 0 0-.717-.26 5.453 5.453 0 0 0-1.426-.2c-.3 0-.573.028-.819.086a2.1 2.1 0 0 0-.623.242c-.17.104-.3.229-.393.374a.888.888 0 0 0-.14.49c0 .196.053.373.156.529.104.156.252.304.443.444s.423.276.696.41c.273.135.582.274.926.416.47.197.892.407 1.266.628.374.222.695.473.963.753.268.279.472.598.614.957.142.359.214.776.214 1.253 0 .657-.125 1.21-.373 1.656a3.033 3.033 0 0 1-1.012 1.085 4.38 4.38 0 0 1-1.487.596c-.566.12-1.163.18-1.79.18a9.916 9.916 0 0 1-1.84-.164 5.544 5.544 0 0 1-1.512-.493v-2.63a5.033 5.033 0 0 0 3.237 1.2c.333 0 .624-.03.872-.09.249-.06.456-.144.623-.25.166-.108.29-.234.373-.38a1.023 1.023 0 0 0-.074-1.089 2.12 2.12 0 0 0-.537-.5 5.597 5.597 0 0 0-.807-.444 27.72 27.72 0 0 0-1.007-.436c-.918-.383-1.602-.852-2.053-1.405-.45-.553-.676-1.222-.676-2.005 0-.614.123-1.141.369-1.582.246-.441.58-.804 1.004-1.089a4.494 4.494 0 0 1 1.47-.629 7.536 7.536 0 0 1 1.77-.201zm-15.113.188h9.563v2.166H9.506v9.646H6.789v-9.646H3.375z"
        />
      </svg>
       
      TypeScript
    </div>
    <div>
      <svg
        color="green"
        fill="currentColor"
        height="1em"
        role="img"
        stroke="currentColor"
        stroke-width="0"
        style="color: green;"
        viewBox="0 0 24 24"
        width="1em"
        xmlns="http://www.w3.org/2000/svg"
      >
        <title />
        <path
          d="M11.998,24c-0.321,0-0.641-0.084-0.922-0.247l-2.936-1.737c-0.438-0.245-0.224-0.332-0.08-0.383 c0.585-0.203,0.703-0.25,1.328-0.604c0.065-0.037,0.151-0.023,0.218,0.017l2.256,1.339c0.082,0.045,0.197,0.045,0.272,0l8.795-5.076 c0.082-0.047,0.134-0.141,0.134-0.238V6.921c0-0.099-0.053-0.192-0.137-0.242l-8.791-5.072c-0.081-0.047-0.189-0.047-0.271,0 L3.075,6.68C2.99,6.729,2.936,6.825,2.936,6.921v10.15c0,0.097,0.054,0.189,0.139,0.235l2.409,1.392 c1.307,0.654,2.108-0.116,2.108-0.89V7.787c0-0.142,0.114-0.253,0.256-0.253h1.115c0.139,0,0.255,0.112,0.255,0.253v10.021 c0,1.745-0.95,2.745-2.604,2.745c-0.508,0-0.909,0-2.026-0.551L2.28,18.675c-0.57-0.329-0.922-0.945-0.922-1.604V6.921 c0-0.659,0.353-1.275,0.922-1.603l8.795-5.082c0.557-0.315,1.296-0.315,1.848,0l8.794,5.082c0.57,0.329,0.924,0.944,0.924,1.603 v10.15c0,0.659-0.354,1.273-0.924,1.604l-8.794,5.078C12.643,23.916,12.324,24,11.998,24z M19.099,13.993 c0-1.9-1.284-2.406-3.987-2.763c-2.731-0.361-3.009-0.548-3.009-1.187c0-0.528,0.235-1.233,2.258-1.233 c1.807,0,2.473,0.389,2.747,1.607c0.024,0.115,0.129,0.199,0.247,0.199h1.141c0.071,0,0.138-0.031,0.186-0.081 c0.048-0.054,0.074-0.123,0.067-0.196c-0.177-2.098-1.571-3.076-4.388-3.076c-2.508,0-4.004,1.058-4.004,2.833 c0,1.925,1.488,2.457,3.895,2.695c2.88,0.282,3.103,0.703,3.103,1.269c0,0.983-0.789,1.402-2.642,1.402 c-2.327,0-2.839-0.584-3.011-1.742c-0.02-0.124-0.126-0.215-0.253-0.215h-1.137c-0.141,0-0.254,0.112-0.254,0.253 c0,1.482,0.806,3.248,4.655,3.248C17.501,17.007,19.099,15.91,19.099,13.993z"
        />
      </svg>
       
      Nodejs
    </div>
    <div>
      <svg
        color="black"
        fill="currentColor"
        height="1em"
        role="img"
        stroke="currentColor"
        stroke-width="0"
        style="color: black;"
        viewBox="0 0 24 24"
        width="1em"
        xmlns="http://www.w3.org/2000/svg"
      >
        <title />
        <path
          d="M11.5725 0c-.1763 0-.3098.0013-.3584.0067-.0516.0053-.2159.021-.3636.0328-3.4088.3073-6.6017 2.1463-8.624 4.9728C1.1004 6.584.3802 8.3666.1082 10.255c-.0962.659-.108.8537-.108 1.7474s.012 1.0884.108 1.7476c.652 4.506 3.8591 8.2919 8.2087 9.6945.7789.2511 1.6.4223 2.5337.5255.3636.04 1.9354.04 2.299 0 1.6117-.1783 2.9772-.577 4.3237-1.2643.2065-.1056.2464-.1337.2183-.1573-.0188-.0139-.8987-1.1938-1.9543-2.62l-1.919-2.592-2.4047-3.5583c-1.3231-1.9564-2.4117-3.556-2.4211-3.556-.0094-.0026-.0187 1.5787-.0235 3.509-.0067 3.3802-.0093 3.5162-.0516 3.596-.061.115-.108.1618-.2064.2134-.075.0374-.1408.0445-.495.0445h-.406l-.1078-.068a.4383.4383 0 01-.1572-.1712l-.0493-.1056.0053-4.703.0067-4.7054.0726-.0915c.0376-.0493.1174-.1125.1736-.143.0962-.047.1338-.0517.5396-.0517.4787 0 .5584.0187.6827.1547.0353.0377 1.3373 1.9987 2.895 4.3608a10760.433 10760.433 0 004.7344 7.1706l1.9002 2.8782.096-.0633c.8518-.5536 1.7525-1.3418 2.4657-2.1627 1.5179-1.7429 2.4963-3.868 2.8247-6.134.0961-.6591.1078-.854.1078-1.7475 0-.8937-.012-1.0884-.1078-1.7476-.6522-4.506-3.8592-8.2919-8.2087-9.6945-.7672-.2487-1.5836-.42-2.4985-.5232-.169-.0176-1.0835-.0366-1.6123-.037zm4.0685 7.217c.3473 0 .4082.0053.4857.047.1127.0562.204.1642.237.2767.0186.061.0234 1.3653.0186 4.3044l-.0067 4.2175-.7436-1.14-.7461-1.14v-3.066c0-1.982.0093-3.0963.0234-3.1502.0375-.1313.1196-.2346.2323-.2955.0961-.0494.1313-.054.4997-.054z"
        />
      </svg>
       
      Nextjs
    </div>
    <div>
      <svg
        color="cyan"
        fill="currentColor"
        height="1em"
        stroke="currentColor"
        stroke-width="0"
        style="color: cyan;"
        viewBox="0 0 24 24"
        width="1em"
        xmlns="http://www.w3.org/2000/svg"
      >
        <g
          fill-rule="evenodd"
        >
          <circle
            cx="11.996"
            cy="11.653"
            r="2.142"
          />
          <path
            d="M11.9957722,7.80914159 C14.763782,7.80914159 17.3932297,8.19939152 19.3922491,8.88758063 C21.6123871,9.6518808 22.9666335,10.7818833 22.9666335,11.652558 C22.9666335,12.5799965 21.5040812,13.7840336 19.1293161,14.5708627 C17.2387355,15.1972602 14.7092455,15.538679 11.9957722,15.538679 C9.14520032,15.538679 6.58717845,15.203913 4.71853163,14.565185 C3.54866968,14.1653247 2.58256656,13.6456709 1.92037292,13.0785821 C1.32532838,12.5689984 1.02491103,12.0630628 1.02491103,11.652558 C1.02491103,10.7789546 2.32734001,9.66464781 4.49959681,8.90729393 C6.49945246,8.21010004 9.19325759,7.80914159 11.9957722,7.80914159 L11.9957722,7.80914159 L11.9957722,7.80914159 L11.9957722,7.80914159 L11.9957722,7.80914159 M11.9957722,6.78423056 C9.08437994,6.78423056 6.2777499,7.20198239 4.1621939,7.93951199 C1.62214541,8.82509585 0,10.2129394 0,11.652558 C0,13.1394248 1.74140227,14.6307252 4.38703934,15.5350074 C6.37567236,16.2147483 9.04125041,16.56359 11.9957722,16.56359 C14.8115523,16.56359 17.4474553,16.2078081 19.4516644,15.5437626 C22.2020573,14.632477 23.9915445,13.1592927 23.9915445,11.652558 C23.9915445,10.2077356 22.3170688,8.81052922 19.7258695,7.91848823 C17.6128656,7.19105846 14.871718,6.78423056 11.9957722,6.78423056 L11.9957722,6.78423056 L11.9957722,6.78423056 L11.9957722,6.78423056 L11.9957722,6.78423056 M8.64782576,9.74318674 C10.0306294,7.34537922 11.6822995,5.26251432 13.2771145,3.87459857 C15.0483324,2.33318986 16.7037652,1.72455661 17.4580053,2.15950561 C18.2614273,2.62281187 18.5738182,4.49132292 18.0690455,6.94154209 C17.6671734,8.89223963 16.6992742,11.2540339 15.3437168,13.6046372 C13.9196524,16.0740185 12.3517605,18.1226845 10.8648902,19.4223695 C9.93407029,20.2360369 9.00127666,20.8133347 8.17921011,21.1036655 C7.44050831,21.3645543 6.85214323,21.3720417 6.49651234,21.1669615 C5.73974814,20.7305244 5.42512511,19.045619 5.85426462,16.7855049 C6.24932455,14.7048419 7.24772098,12.1710157 8.64782671,9.74318508 L8.64782576,9.74318674 L8.64782576,9.74318674 L8.64782576,9.74318674 L8.64782576,9.74318674 M7.759974,9.23116928 C6.30547459,11.7533204 5.26525979,14.3932772 4.84734364,16.5943171 C4.34554839,19.2370813 4.73740525,21.3355983 5.98449631,22.0548141 C7.2725788,22.7976074 9.43439148,22.0341158 11.5394159,20.1940284 C13.121755,18.8108935 14.7555742,16.6760844 16.2315707,14.1166508 C17.6382359,11.6774242 18.6468519,9.21627599 19.0728759,7.1483441 C19.6574939,4.31054745 19.2752706,2.02434609 17.9700071,1.27164481 C16.7184046,0.549880923 14.6715337,1.30242953 12.6042836,3.1014613 C10.9185312,4.56851694 9.19669947,6.73986025 7.75997496,9.23116762 L7.759974,9.23116928 L7.759974,9.23116928 L7.759974,9.23116928 L7.759974,9.23116928 M8.65102932,13.6102163 C7.26423584,11.2147037 6.28457878,8.74353725 5.87862056,6.66870559 C5.42774955,4.36439699 5.72720706,2.6262057 6.48072727,2.18999639 C7.28337846,1.72531755 9.05821175,2.38783711 10.9288592,4.04883669 C12.4181905,5.37119379 13.9809502,7.38921897 15.3404734,9.7376059 C16.7686644,12.2045881 17.7605533,14.5861039 18.1440168,16.5233658 C18.384086,17.7361541 18.4183857,18.8326057 18.2593637,19.6898062 C18.1164684,20.4600771 17.8291151,20.9735449 17.473831,21.1792215 C16.7177635,21.6169189 15.1008664,21.0480332 13.3571194,19.5474962 C11.7518336,18.1661133 10.0552117,16.0356933 8.65102599,13.6102105 L8.65102932,13.6102163 L8.65102932,13.6102163 L8.65102932,13.6102163 L8.65102932,13.6102163 M7.76403451,14.1237168 C9.2227685,16.6434222 10.9904487,18.863069 12.6886037,20.3243677 C14.727583,22.0789594 16.7414064,22.7874988 17.9873239,22.0662207 C19.2741476,21.3212689 19.6923336,19.0670565 19.1494202,16.3243517 C18.741335,14.2627011 17.7077401,11.7810493 16.2274688,9.22410641 C14.8166895,6.78718171 13.1881856,4.68425955 11.6093526,3.2824351 C9.4428116,1.3587035 7.27122101,0.548080175 5.96723274,1.30299809 C4.71682218,2.02685487 4.34655386,4.17606524 4.87278214,6.8655093 C5.30188762,9.05864543 6.32316039,11.6347867 7.76403118,14.1237111 L7.76403451,14.1237168 L7.76403451,14.1237168 L7.76403451,14.1237168 L7.76403451,14.1237168"
            fill-rule="nonzero"
          />
        </g>
      </svg>
       
      Reactjs
    </div>
    <div>
      <svg
        color="green"
        fill="currentColor"
        height="1em"
        stroke="currentColor"
        stroke-width="0"
        style="color: green;"
        version="1.1"
        viewBox="0 0 32 32"
        width="1em"
        xmlns="http://www.w3.org/2000/svg"
      >
        <path
          d="M22.797 14.562c-0.067-0.774-0.209-1.546-0.407-2.297-0.625-2.369-1.666-4.637-3.134-6.603-0.4-0.536-0.832-1.048-1.294-1.532-0.476-0.499-1.004-0.957-1.336-1.578-0.21-0.393-0.41-0.791-0.614-1.187-0.003 0.124-0.011 0.248-0.011 0.371-0-0.124 0.009-0.248 0.011-0.372-0.038-0.095-0.076-0.191-0.13-0.327-0.022 0.075-0.036 0.101-0.036 0.129-0.017 0.645-0.383 1.083-0.838 1.492-0.512 0.46-0.989 0.959-1.481 1.441 0.017 0.022 0.036 0.044 0.055 0.066-0.019-0.022-0.038-0.043-0.055-0.066-1.463 1.924-2.752 3.981-3.511 6.29-0.221 0.672-0.395 1.359-0.517 2.056-0.259 1.481-0.379 2.92-0.296 4.42 0.046 0.829 0.191 1.645 0.407 2.448 0.785 2.917 2.379 5.336 4.558 7.392 0.405 0.382 0.842 0.729 1.265 1.093 0.001-0.004 0.002-0.007 0.003-0.011-0.001 0.004-0.002 0.007-0.003 0.011 0.062 0.214 0.125 0.428 0.187 0.642 0.058 0.332 0.116 0.664 0.174 0.996 0.028 0.346 0.055 0.693 0.083 1.039-0.001 0.211-0.010 0.423 0.003 0.633 0.003 0.054 0.074 0.104 0.113 0.156 0.001-0.002 0.002-0.004 0.004-0.006-0.001 0.002-0.002 0.004-0.004 0.006 0.118 0.041 0.235 0.083 0.353 0.124 0.106 0.041 0.212 0.083 0.367 0.143-0.023-0.346-0.043-0.635-0.063-0.924-0.001-0.303-0.002-0.607-0.003-0.91-0.006 0.007-0.014 0.014-0.021 0.021 0.007-0.007 0.014-0.014 0.021-0.021 0.042-0.462 0.085-0.924 0.127-1.386 0.031-0.101 0.061-0.201 0.092-0.302 0.088-0.156 0.175-0.311 0.263-0.467 0.325-0.262 0.674-0.499 0.971-0.79 0.536-0.527 1.071-1.060 1.55-1.637 0.622-0.748 1.158-1.565 1.588-2.441 1.223-2.491 1.789-5.269 1.564-8.039-0.002-0.024-0.004-0.049-0.006-0.074z"
        />
      </svg>
       
      MongoDB
    </div>
    <div>
      <svg
        color="blue"
        fill="currentColor"
        height="1em"
        stroke="currentColor"
        stroke-width="0"
        style="color: blue;"
        version="1.1"
        viewBox="0 0 32 32"
        width="1em"
        xmlns="http://www.w3.org/2000/svg"
      >
        <path
          d="M5.082 5.593c-0.564 0.564-0.423 1.213 0.564 2.679 0.508 0.761 1.1 1.946 1.326 2.623 0.226 0.705 0.677 1.664 0.987 2.143 0.564 0.79 0.564 0.959 0.197 2.397-0.226 0.902-0.31 2.031-0.197 2.736 0.169 1.185 1.128 2.905 1.72 3.102 0.508 0.169 1.241-0.733 1.269-1.551 0-0.705 0.028-0.733 0.338-0.226 0.536 0.874 2.228 2.735 2.369 2.594 0.056-0.056-0.31-0.79-0.846-1.607-0.508-0.846-1.1-1.946-1.325-2.454-0.31-0.846-0.423-0.902-0.79-0.508-0.226 0.226-0.508 0.874-0.592 1.466-0.226 1.354-0.733 1.523-1.128 0.367s-0.395-3.131 0-4.484c0.282-0.931 0.254-1.184-0.226-1.89-0.31-0.423-0.79-1.438-1.044-2.256-0.254-0.79-0.846-1.974-1.325-2.595-1.1-1.551-1.1-2.115 0.056-1.89 0.479 0.085 1.213 0.423 1.664 0.733 0.423 0.31 1.156 0.564 1.607 0.564 1.354 0 3.723 1.326 5.443 3.046 1.326 1.325 2.002 2.397 3.441 5.302 1.692 3.44 1.833 3.638 2.877 3.976 1.241 0.423 3.835 2.002 3.835 2.341 0 0.113-0.649 0.282-1.438 0.338-2.115 0.226-2.313 0.62-0.931 1.861 0.649 0.564 1.862 1.438 2.736 1.918l1.579 0.902-0.733-0.931c-0.423-0.508-1.297-1.297-1.974-1.72s-1.213-0.874-1.213-0.987c0-0.113 0.479-0.31 1.072-0.395 1.579-0.282 2.030-0.423 2.030-0.705 0-0.423-2.848-2.566-4.202-3.159-1.156-0.536-1.297-0.762-2.792-3.835-1.326-2.82-1.861-3.61-3.553-5.302-2.171-2.171-3.666-3.102-5.584-3.384-0.649-0.113-1.551-0.451-1.946-0.733-0.931-0.705-2.82-0.959-3.272-0.479z"
        />
      </svg>
       
      MySQL
    </div>
    <div>
      <svg
        color="crimson"
        fill="currentColor"
        height="1em"
        stroke="currentColor"
        stroke-width="0"
        style="color: crimson;"
        viewBox="0 0 24 24"
        width="1em"
        xmlns="http://www.w3.org/2000/svg"
      >
        <path
          d="M14.3335126,2.85206923 L19.0436746,5.57156232 C19.1861408,5.42269933 19.3517561,5.29107777 19.5390336,5.18229987 C20.6054985,4.56924218 21.9657203,4.93324518 22.585164,5.99971013 C23.1982217,7.06617507 22.8342187,8.42639682 21.7677537,9.04584053 C21.5354003,9.17940894 21.2887997,9.26659782 21.038849,9.31024708 L21.038849,14.6900096 C21.2856344,14.7341019 21.5290274,14.8207365 21.7585099,14.9526546 C22.8303433,15.5715108 23.1940011,16.9304425 22.5751449,17.9958959 C21.9626686,19.0613494 20.597357,19.4250072 19.5319036,18.8125309 C19.2675499,18.6605671 19.046399,18.4622584 18.8726413,18.2336837 L14.2472483,20.9042339 C14.359389,21.1704807 14.4213527,21.4632106 14.4213527,21.770637 C14.4213527,22.997106 13.4248466,24 12.1919896,24 C10.9591327,24 9.96262662,23.0034939 9.96262662,21.770637 C9.96262662,21.5276826 10.001326,21.293907 10.0729072,21.0751276 L5.39448212,18.3739583 C5.24136397,18.5447862 5.05910975,18.6948998 4.84979559,18.8164775 C3.77694463,19.4295352 2.41672287,19.0655322 1.80366518,17.9990673 C1.19060749,16.9326023 1.55461049,15.5723806 2.62107544,14.9529369 C2.78345801,14.8595912 2.95265101,14.7888975 3.12500248,14.7398866 L3.12500248,9.26050018 C2.95045269,9.21143227 2.77917162,9.14021295 2.61500295,9.04584053 C1.548538,8.43278284 1.184535,7.06617507 1.79759269,5.99971013 C2.41065038,4.93324518 3.77725815,4.56924218 4.8437231,5.18229987 C4.99574654,5.27060092 5.13349582,5.37395472 5.25617553,5.48936462 L10.0208088,2.73842163 C9.98274768,2.57496174 9.96262662,2.40454853 9.96262662,2.22936302 C9.96262662,0.996506107 10.9591327,4.6629367e-14 12.1919896,4.6629367e-14 C13.4248466,4.6629367e-14 14.4213527,0.996506107 14.4213527,2.22936302 C14.4213527,2.44556708 14.3907061,2.6545024 14.3335126,2.85206923 Z M13.8405544,3.73141097 C13.7908242,3.78597435 13.7384158,3.8380524 13.6835353,3.88743909 L19.9624322,14.7624885 C19.9851165,14.7552188 20.0079142,14.7483109 20.0308156,14.7417672 L20.0308156,9.25474103 C19.4969015,9.10015188 19.0200076,8.74749468 18.7216233,8.22843028 C18.396599,7.66302338 18.3462063,7.01504748 18.5295247,6.43866863 L13.8405544,3.73141097 Z M10.5612952,3.75078761 C10.5290822,3.71626947 10.4979547,3.6807246 10.4679668,3.64420691 L5.81568405,6.33028239 C6.04182311,6.93281226 6.00669953,7.62728911 5.66113335,8.22843028 C5.32249418,8.81752134 4.75393127,9.19227671 4.13303588,9.30641503 L4.13303588,14.6916383 C4.16637437,14.6977154 4.19956458,14.7045461 4.23257942,14.7121233 L10.5612952,3.75078761 Z M12.8009687,4.3748119 C12.60746,4.42948073 12.403193,4.45872604 12.1919896,4.45872604 C11.9129003,4.45872604 11.645923,4.40765895 11.3998763,4.31434325 L5.14116232,15.1544358 C5.34676617,15.3211714 5.52618301,15.5275552 5.66720584,15.7703471 C5.76055152,15.9327297 5.83124515,16.1019227 5.8802561,16.2742741 L18.5020915,16.2742741 C18.5510684,16.101457 18.6218024,15.9318817 18.7152686,15.7692896 C18.8216025,15.5843129 18.950628,15.4204894 19.0968364,15.2792547 L12.8009687,4.3748119 Z M13.7498392,20.1747099 L18.4885766,17.4387184 C18.4752977,17.3870257 18.4638585,17.3348529 18.454287,17.2823075 L5.92850441,17.2823075 C5.91572246,17.3524283 5.89960649,17.4218931 5.88022341,17.4904498 L10.5957921,20.2130645 C11.0004395,19.7984186 11.5657199,19.541274 12.1919896,19.541274 C12.7987163,19.541274 13.3482006,19.7826203 13.7498392,20.1747099 Z"
        />
      </svg>
       
      GraphQL
    </div>
    <div>
      <svg
        color="#00d"
        fill="currentColor"
        height="1em"
        role="img"
        stroke="currentColor"
        stroke-width="0"
        style="color: rgb(0, 0, 221);"
        viewBox="0 0 24 24"
        width="1em"
        xmlns="http://www.w3.org/2000/svg"
      >
        <title />
        <path
          d="M23.5594 14.7228a.5269.5269 0 0 0-.0563-.1191c-.139-.2632-.4768-.3418-1.0074-.2321-1.6533.3411-2.2935.1312-2.5256-.0191 1.342-2.0482 2.445-4.522 3.0411-6.8297.2714-1.0507.7982-3.5237.1222-4.7316a1.5641 1.5641 0 0 0-.1509-.235C21.6931.9086 19.8007.0248 17.5099.0005c-1.4947-.0158-2.7705.3461-3.1161.4794a9.449 9.449 0 0 0-.5159-.0816 8.044 8.044 0 0 0-1.3114-.1278c-1.1822-.0184-2.2038.2642-3.0498.8406-.8573-.3211-4.7888-1.645-7.2219.0788C.9359 2.1526.3086 3.8733.4302 6.3043c.0409.818.5069 3.334 1.2423 5.7436.4598 1.5065.9387 2.7019 1.4334 3.582.553.9942 1.1259 1.5933 1.7143 1.7895.4474.1491 1.1327.1441 1.8581-.7279.8012-.9635 1.5903-1.8258 1.9446-2.2069.4351.2355.9064.3625 1.39.3772a.0569.0569 0 0 0 .0004.0041 11.0312 11.0312 0 0 0-.2472.3054c-.3389.4302-.4094.5197-1.5002.7443-.3102.064-1.1344.2339-1.1464.8115-.0025.1224.0329.2309.0919.3268.2269.4231.9216.6097 1.015.6331 1.3345.3335 2.5044.092 3.3714-.6787-.017 2.231.0775 4.4174.3454 5.0874.2212.5529.7618 1.9045 2.4692 1.9043.2505 0 .5263-.0291.8296-.0941 1.7819-.3821 2.5557-1.1696 2.855-2.9059.1503-.8707.4016-2.8753.5388-4.1012.0169-.0703.0357-.1207.057-.1362.0007-.0005.0697-.0471.4272.0307a.3673.3673 0 0 0 .0443.0068l.2539.0223.0149.001c.8468.0384 1.9114-.1426 2.5312-.4308.6438-.2988 1.8057-1.0323 1.5951-1.6698zM2.371 11.8765c-.7435-2.4358-1.1779-4.8851-1.2123-5.5719-.1086-2.1714.4171-3.6829 1.5623-4.4927 1.8367-1.2986 4.8398-.5408 6.108-.13-.0032.0032-.0066.0061-.0098.0094-2.0238 2.044-1.9758 5.536-1.9708 5.7495-.0002.0823.0066.1989.0162.3593.0348.5873.0996 1.6804-.0735 2.9184-.1609 1.1504.1937 2.2764.9728 3.0892.0806.0841.1648.1631.2518.2374-.3468.3714-1.1004 1.1926-1.9025 2.1576-.5677.6825-.9597.5517-1.0886.5087-.3919-.1307-.813-.5871-1.2381-1.3223-.4796-.839-.9635-2.0317-1.4155-3.5126zm6.0072 5.0871c-.1711-.0428-.3271-.1132-.4322-.1772.0889-.0394.2374-.0902.4833-.1409 1.2833-.2641 1.4815-.4506 1.9143-1.0002.0992-.126.2116-.2687.3673-.4426a.3549.3549 0 0 0 .0737-.1298c.1708-.1513.2724-.1099.4369-.0417.156.0646.3078.26.3695.4752.0291.1016.0619.2945-.0452.4444-.9043 1.2658-2.2216 1.2494-3.1676 1.0128zm2.094-3.988-.0525.141c-.133.3566-.2567.6881-.3334 1.003-.6674-.0021-1.3168-.2872-1.8105-.8024-.6279-.6551-.9131-1.5664-.7825-2.5004.1828-1.3079.1153-2.4468.079-3.0586-.005-.0857-.0095-.1607-.0122-.2199.2957-.2621 1.6659-.9962 2.6429-.7724.4459.1022.7176.4057.8305.928.5846 2.7038.0774 3.8307-.3302 4.7363-.084.1866-.1633.3629-.2311.5454zm7.3637 4.5725c-.0169.1768-.0358.376-.0618.5959l-.146.4383a.3547.3547 0 0 0-.0182.1077c-.0059.4747-.054.6489-.115.8693-.0634.2292-.1353.4891-.1794 1.0575-.11 1.4143-.8782 2.2267-2.4172 2.5565-1.5155.3251-1.7843-.4968-2.0212-1.2217a6.5824 6.5824 0 0 0-.0769-.2266c-.2154-.5858-.1911-1.4119-.1574-2.5551.0165-.5612-.0249-1.9013-.3302-2.6462.0044-.2932.0106-.5909.019-.8918a.3529.3529 0 0 0-.0153-.1126 1.4927 1.4927 0 0 0-.0439-.208c-.1226-.4283-.4213-.7866-.7797-.9351-.1424-.059-.4038-.1672-.7178-.0869.067-.276.1831-.5875.309-.9249l.0529-.142c.0595-.16.134-.3257.213-.5012.4265-.9476 1.0106-2.2453.3766-5.1772-.2374-1.0981-1.0304-1.6343-2.2324-1.5098-.7207.0746-1.3799.3654-1.7088.5321a5.6716 5.6716 0 0 0-.1958.1041c.0918-1.1064.4386-3.1741 1.7357-4.4823a4.0306 4.0306 0 0 1 .3033-.276.3532.3532 0 0 0 .1447-.0644c.7524-.5706 1.6945-.8506 2.802-.8325.4091.0067.8017.0339 1.1742.081 1.939.3544 3.2439 1.4468 4.0359 2.3827.8143.9623 1.2552 1.9315 1.4312 2.4543-1.3232-.1346-2.2234.1268-2.6797.779-.9926 1.4189.543 4.1729 1.2811 5.4964.1353.2426.2522.4522.2889.5413.2403.5825.5515.9713.7787 1.2552.0696.087.1372.1714.1885.245-.4008.1155-1.1208.3825-1.0552 1.717-.0123.1563-.0423.4469-.0834.8148-.0461.2077-.0702.4603-.0994.7662zm.8905-1.6211c-.0405-.8316.2691-.9185.5967-1.0105a2.8566 2.8566 0 0 0 .135-.0406 1.202 1.202 0 0 0 .1342.103c.5703.3765 1.5823.4213 3.0068.1344-.2016.1769-.5189.3994-.9533.6011-.4098.1903-1.0957.333-1.7473.3636-.7197.0336-1.0859-.0807-1.1721-.151zm.5695-9.2712c-.0059.3508-.0542.6692-.1054 1.0017-.055.3576-.112.7274-.1264 1.1762-.0142.4368.0404.8909.0932 1.3301.1066.887.216 1.8003-.2075 2.7014a3.5272 3.5272 0 0 1-.1876-.3856c-.0527-.1276-.1669-.3326-.3251-.6162-.6156-1.1041-2.0574-3.6896-1.3193-4.7446.3795-.5427 1.3408-.5661 2.1781-.463zm.2284 7.0137a12.3762 12.3762 0 0 0-.0853-.1074l-.0355-.0444c.7262-1.1995.5842-2.3862.4578-3.4385-.0519-.4318-.1009-.8396-.0885-1.2226.0129-.4061.0666-.7543.1185-1.0911.0639-.415.1288-.8443.1109-1.3505.0134-.0531.0188-.1158.0118-.1902-.0457-.4855-.5999-1.938-1.7294-3.253-.6076-.7073-1.4896-1.4972-2.6889-2.0395.5251-.1066 1.2328-.2035 2.0244-.1859 2.0515.0456 3.6746.8135 4.8242 2.2824a.908.908 0 0 1 .0667.1002c.7231 1.3556-.2762 6.2751-2.9867 10.5405zm-8.8166-6.1162c-.025.1794-.3089.4225-.6211.4225a.5821.5821 0 0 1-.0809-.0056c-.1873-.026-.3765-.144-.5059-.3156-.0458-.0605-.1203-.178-.1055-.2844.0055-.0401.0261-.0985.0925-.1488.1182-.0894.3518-.1226.6096-.0867.3163.0441.6426.1938.6113.4186zm7.9305-.4114c.0111.0792-.049.201-.1531.3102-.0683.0717-.212.1961-.4079.2232a.5456.5456 0 0 1-.075.0052c-.2935 0-.5414-.2344-.5607-.3717-.024-.1765.2641-.3106.5611-.352.297-.0414.6111.0088.6356.1851z"
        />
      </svg>
       
      PostgreSQL
    </div>
  </div>
</div>
`;
